
> steel-estimation-client@0.1.0 build
> react-scripts build

Creating an optimized production build...
Failed to compile.

Attempted import error: 'use' is not exported from 'react' (imported as 'o').


